{
  "version": "1.5.0",
  "plugins_used": [
    {
      "name": "ArtifactoryDetector"
    },
    {
      "name": "AWSKeyDetector"
    },
    {
      "name": "AzureStorageKeyDetector"
    },
    {
      "name": "Base64HighEntropyString",
      "limit": 4.5
    },
    {
      "name": "BasicAuthDetector"
    },
    {
      "name": "CloudantDetector"
    },
    {
      "name": "DiscordBotTokenDetector"
    },
    {
      "name": "DotNetConnectionStringDatabaseDetector",
      "path": "file://.detect-secrets/dotnet_connstring.py"
    },
    {
      "name": "DotNetConnectionStringDetector",
      "path": "file://.detect-secrets/dotnet_connstring.py"
    },
    {
      "name": "DotNetConnectionStringServerDetector",
      "path": "file://.detect-secrets/dotnet_connstring.py"
    },
    {
      "name": "DotNetConnectionStringUserDetector",
      "path": "file://.detect-secrets/dotnet_connstring.py"
    },
    {
      "name": "GitHubTokenDetector"
    },
    {
      "name": "GitLabTokenDetector"
    },
    {
      "name": "HexHighEntropyString",
      "limit": 3.0
    },
    {
      "name": "IbmCloudIamDetector"
    },
    {
      "name": "IbmCosHmacDetector"
    },
    {
      "name": "IPPublicDetector"
    },
    {
      "name": "JwtTokenDetector"
    },
    {
      "name": "KeywordDetector",
      "keyword_exclude": ""
    },
    {
      "name": "MailchimpDetector"
    },
    {
      "name": "NpmDetector"
    },
    {
      "name": "OpenAIDetector"
    },
    {
      "name": "PrivateKeyDetector"
    },
    {
      "name": "PypiTokenDetector"
    },
    {
      "name": "SendGridDetector"
    },
    {
      "name": "SlackDetector"
    },
    {
      "name": "SoftlayerDetector"
    },
    {
      "name": "SquareOAuthDetector"
    },
    {
      "name": "StripeDetector"
    },
    {
      "name": "TelegramBotTokenDetector"
    },
    {
      "name": "TwilioKeyDetector"
    }
  ],
  "filters_used": [
    {
      "path": "detect_secrets.filters.allowlist.is_line_allowlisted"
    },
    {
      "path": "detect_secrets.filters.common.is_baseline_file",
      "filename": ".secrets.baseline"
    },
    {
      "path": "detect_secrets.filters.common.is_ignored_due_to_verification_policies",
      "min_level": 2
    },
    {
      "path": "detect_secrets.filters.heuristic.is_indirect_reference"
    },
    {
      "path": "detect_secrets.filters.heuristic.is_likely_id_string"
    },
    {
      "path": "detect_secrets.filters.heuristic.is_lock_file"
    },
    {
      "path": "detect_secrets.filters.heuristic.is_not_alphanumeric_string"
    },
    {
      "path": "detect_secrets.filters.heuristic.is_potential_uuid"
    },
    {
      "path": "detect_secrets.filters.heuristic.is_prefixed_with_dollar_sign"
    },
    {
      "path": "detect_secrets.filters.heuristic.is_sequential_string"
    },
    {
      "path": "detect_secrets.filters.heuristic.is_swagger_file"
    },
    {
      "path": "detect_secrets.filters.heuristic.is_templated_secret"
    }
  ],
  "results": {
    "dvhanalysisgui\\src\\MRoar_Database\\Properties\\Settings.settings": [
      {
        "type": "Connection String Server",
        "filename": "dvhanalysisgui\\src\\MRoar_Database\\Properties\\Settings.settings",
        "hashed_secret": "2688f751ede6d89a0f54bc3b3752f4fdee3b3775",
        "is_verified": false,
        "line_number": 8,
        "is_secret": false
      },
      {
        "type": "Connection String Database",
        "filename": "dvhanalysisgui\\src\\MRoar_Database\\Properties\\Settings.settings",
        "hashed_secret": "36b17f18ac0130e5947b9d7934389ab954c110c7",
        "is_verified": false,
        "line_number": 8,
        "is_secret": false
      }
    ],
    "dvhanalysisgui\\src\\MRoar_Database\\ROARFormEntry.dbml": [
      {
        "type": "Connection String Server",
        "filename": "dvhanalysisgui\\src\\MRoar_Database\\ROARFormEntry.dbml",
        "hashed_secret": "2688f751ede6d89a0f54bc3b3752f4fdee3b3775",
        "is_verified": false,
        "line_number": 2,
        "is_secret": false
      },
      {
        "type": "Connection String Database",
        "filename": "dvhanalysisgui\\src\\MRoar_Database\\ROARFormEntry.dbml",
        "hashed_secret": "36b17f18ac0130e5947b9d7934389ab954c110c7",
        "is_verified": false,
        "line_number": 2,
        "is_secret": false
      }
    ],
    "dvhanalysisgui\\src\\MRoar_Database\\ROARFormEntry.dbml.layout": [
      {
        "type": "Base64 High Entropy String",
        "filename": "dvhanalysisgui\\src\\MRoar_Database\\ROARFormEntry.dbml.layout",
        "hashed_secret": "7d8dfcba736e43d287d737cf97015d03a8696484",
        "is_verified": false,
        "line_number": 12,
        "is_secret": false
      },
      {
        "type": "Base64 High Entropy String",
        "filename": "dvhanalysisgui\\src\\MRoar_Database\\ROARFormEntry.dbml.layout",
        "hashed_secret": "f6b700efc79ae1a86fd5ce005d634976458df56a",
        "is_verified": false,
        "line_number": 18,
        "is_secret": false
      }
    ],
    "dvhanalysisgui\\src\\MRoar_Database\\app.config": [
      {
        "type": "Connection String Server",
        "filename": "dvhanalysisgui\\src\\MRoar_Database\\app.config",
        "hashed_secret": "2688f751ede6d89a0f54bc3b3752f4fdee3b3775",
        "is_verified": false,
        "line_number": 7,
        "is_secret": false
      },
      {
        "type": "Connection String Database",
        "filename": "dvhanalysisgui\\src\\MRoar_Database\\app.config",
        "hashed_secret": "36b17f18ac0130e5947b9d7934389ab954c110c7",
        "is_verified": false,
        "line_number": 7,
        "is_secret": false
      }
    ],
    "dvhanalysisgui\\src\\UMRO.DvhAnalysis.Script\\AriaDocumentClient.cs": [
      {
        "type": "Connection String Password",
        "filename": "dvhanalysisgui\\src\\UMRO.DvhAnalysis.Script\\AriaDocumentClient.cs",
        "hashed_secret": "79861d84f9e565e09747d580f532ebf2e6cdef44",
        "is_verified": false,
        "line_number": 20,
        "is_secret": false
      }
    ],
    "dvhanalysisgui\\src\\UMRO.DvhAnalysis.Script\\Script.cs": [
      {
        "type": "Connection String User Id",
        "filename": "dvhanalysisgui\\src\\UMRO.DvhAnalysis.Script\\Script.cs",
        "hashed_secret": "74670c404c0be81223634ba18b5c671cb2e55254",
        "is_verified": false,
        "line_number": 101,
        "is_secret": false
      }
    ]
  },
  "generated_at": "2026-09-04T16:30:23Z"
}
